0
NAME         VERSION  ABI      STATE      PATH
--- before loading
sys abi N available
--- loaded from the file avail found
sys abi N loaded
MODULE STILL WORKS
--- dropped again
sys abi N available
--- loaded from a path outside the search path: not that file
sys abi N elsewhere
STILL WORKS BY PATH
--- the suffix is optional in a path
NO SUFFIX NEEDED
--- errors
missing file rc=1
missing name rc=1
absent count 0
