0
loaded
listed
open with no terminal rc=1
put while closed rc=1
flush while closed rc=1
clear while closed rc=1
Must be connected to a terminal.
size fields=0
no subcommand rc=2
bad subcommand rc=1
bad colour rc=1
bad background rc=1
bad attribute rc=1
good pen rc=0
hex colour rc=0
palette number rc=0
out of range rc=1
put with no arguments rc=1
pane with no arguments rc=2
pane defined rc=0
unknown pane rc=1
panes cleared rc=0
dropped
