0
--- text, newlines and a carriage return
0|one
1|two
2|three
3|XXer
4|
5|
--- the cursor goes where it is told
0|top
1|
2|         placed
3|
cursor 0 3 1 block
--- DECSCUSR sets the cursor's shape, block by default
default: 0 1 1 block
steady underline: 1 0 1 underline
blinking bar: 2 0 1 bar
a bare CSI q with no space is not DECSCUSR, and changes nothing: 3 0 1 bar
CSI SP q with no digit still resets to: 3 0 1 block
set directly: 3 0 1 underline
bad shape: 2
--- erasing, inserting and deleting
0|abc|gh
1|kee
2|
--- a scroll region scrolls only itself
0|1
1|4
2|
3|X
4|5
5|
--- the alternate screen gives the first one back
0|before
1|
2|
--- wrapping is deferred to the next character
0|X2345678
1|
2|
--- utf-8, including a wide character
0|héllo 漢字 ok
1|
--- the title comes from the escape that sets it
0|hi
title [my title]
--- resizing keeps what fits
size 10 40
0|keep this line
1|10 40
2|
--- a program that ends says so
ended
status 3
--- a hibr inside, editing its own line
1|in> echo 42
2|42
3|in>
--- lines that scroll off the top are kept
view and stored: 0 15
0|line 13
1|line 14
0|line 1
1|line 2
past the top stops at the top: 15 15
0|line 16
--- a key goes back to the live screen
scrolled: 2 6
after a key: 0 6
--- the store keeps as many lines as it is told
stored: 0 4
0|l 25
--- the alternate screen and ESC [3J stay out of it
after the alternate screen: 0 2
after ESC [3J: 0 0
--- a deleted line is not history
stored: 0 0
0|b
1|c
--- shrinking keeps the cursor's line, growing brings lines back
shrunk, stored: 0 3
0|4
1|5
2|here
grown, stored: 0 0
0|1
1|2
2|3
3|4
4|5
5|here
--- the mouse reaches a program that asks for it
before it asks: off
not sent
after it asks: drag
0|ready
1|^[[<0;5;3M^[[<32;6;4M^[[<0;6;4m^[[<64;1;1M
--- in the old encoding, and only what was asked for
no drag in click mode
0|^[[M !!^[[M#!!
--- a paste is bracketed when the program asks
0|^[[200~hi^[[201~
--- errors
no command: 2
no such terminal: 1
bad subcommand: 1
