0
--- a session starts detached and is listed
new: 0
t1 detached
--- names and duplicates are refused
a name with a slash: 2
a name in use: 1
attach to nothing: 1
--- attach, detach with ctrl-\, and the shell is still there
[t2: detached -- hold attach t2]
back rc=0
t2 detached
--- the terminal going away detaches it, as a logout does
t2 detached
--- attached again, from a new terminal, everything is as it was
v=5
[t2 ended, status 3]
back rc=3
gone from the list: 0
--- hold detach, from outside
detach: 0
[t3: detached -- hold attach t3]
back rc=0
--- a second attach takes over from the first
[t3: attached elsewhere -- hold attach t3]
back rc=0
t3 attached
--- -m joins alongside a client instead of taking over from it
a sees the real output:
v=9
b sees it too, mirrored, though it typed nothing:
v=9
a is gone, b is not:
t5 attached
now both are:
t5 detached
--- viewport offsets: the pty is sized to the union of all attached
a solo plain attach: the pty matches its own size
24 80
a 24x80 client at 0,0 and a 30x100 client at 0,80: union is 30x180
30 180
--- each attached client sees only its own rectangle of the union
a (columns 0-39) sees the marker: 0
b (columns 40-79) sees the marker: 1
--- a settled frame is a diff: only what changed, resent in full only
--- on the first attach or a resize, not on every frame after that
first frame, a full repaint: 1
one keystroke's own echo is a small diff: 1
a resize invalidates it, full repaint again: 1
--- mode state (alt screen here) is sent on change, not every frame
alt screen entered reaches the client: 1
not resent once nothing changed: 0
--- a just-attached client is rendered at once, program or no program
b got its mode escapes immediately, unprompted: 1
--- a client's own mouse report is translated by its offset
b's local column 5 reaches the program as column 45: 1
--- re-encoded to legacy for a program that never asked for SGR
re-encoded to legacy, still at column 45: 1
--- an unnamed client gets client-<fd>; a named one keeps its own name
default name looks like client-N: 1
named client keeps its own name: 1
the first to attach is primary: 1
--- move repositions a named display
moved: second 0 100 10 40 0
--- primary transfers to a named display
primary now: 1
and the other stops being it: 0
--- drop detaches a named display and re-picks a primary
gone from clients: 0
the remaining one is primary again: 1
--- a bad display name is an error, not a crash
move nosuch: 1
drop nosuch: 1
primary nosuch: 1
--- a program in a session knows which, and can detach itself
HIBR_HOLD names t4
detach outside a session: 2
--- kill ends it
kill t1: 0
kill t3: 0
kill t4: 0
kill t5: 0
left: 0
kill again: 1
