0
[38;2;255;0;0;48;2;0;0;255m▀[38;2;0;255;0;48;2;255;255;0m▀[0m
rc=0
.*
rc=0
hibr: cannot open tests/does-not-exist.png
rc=1
32 32
[38;2;246;3;4;48;2;4;2;244m▀[38;2;7;252;2;48;2;251;253;7m▀[0m
rc=0
16 32
[38;2;251;1;4;48;2;3;1;250m▀[0m
rc=0
hibr: tests/830-img.t: neither a PNG, a JPEG nor a PPM
rc=1
hibr: usage: img [-g] [-o ppm] [-w cols] [-h rows] file
rc=2
ppm: 0
 P 6 \n 2 2 \n 2 5 5 \n
reads back the same
hibr: FILE: the PPM is shorter than its header says
hibr: FILE: not an 8-bit binary PPM this reads
hibr: FILE: not an 8-bit binary PPM this reads
hibr: img: -o takes ppm
bad -o: 2
--- size from the header
40 4
2 2
32 32
16 32
neither a PNG, a JPEG nor a PPM
