0
--- create, insert, describe
ts:int host:str:8 load:float
4
--- query: every row, then filters, and a limit
1	web1	0.5
2	web2	2.75
3	web1	3.1
-4	db1	-1000
2	web2	2.75
3	web1	3.1
1	web1	0.5
1	web1	0.5
2	web2	2.75
none: 1
--- aggregates
4
2
2
-993.65
1.8
-4
web2
min of nothing: 1
0
--- into a map with :=, types kept
web2 2.75 1
[{"ts":2,"host":"web2","load":2.75}]
count by := is 4
--- refused, each with a reason
hibr: db: ts is an int, not 'x'
hibr: db: host holds at most 8 bytes, 'averyveryverylongname' is longer
hibr: db: D/s.db has 3 columns, 2 values given
hibr: db: no column nope
hibr: db: no operator like -- eq ne lt le gt ge
hibr: db sum: host is a str
hibr: db: cannot create D/s.db: File exists
hibr: db: unknown column type in 'a:blob'
hibr: db: D/x.db is not a hibr database
hibr: db: no open database 99
--- closed and opened again, it is all still there
4
-4	db1	-1000
--- a thousand rows to a group: growing past one, and import
hibr: db import: line 2501 skipped
2500
2500
2498	6240004	t2
2499	6245001	t0
833
3123750
--- record numbers, counted from 1, and starting from one
1024	1023	1046529	t0
1025	1024	1048576	t1
record 2499 holds n=2498, 2 rows
500
--- a filter skips the row groups its zone maps rule out
groups skipped by their zones
2 of 3 groups skipped
--- set one record, update by a filter, delete by number and by filter
2	2	two	20
updated 2
5	n5	0
6	n6	0
0
deleted 1, size now 5
1
1	1	n1	1.5
2	2	two	20
4	4	n4	4.5
5	5	n5	0
count 4, sum 12, max 5
--- what is refused, and why
hibr: db: record 3 is deleted
set a deleted record: 1
hibr: db: no record 99
set past the end: 1
hibr: db: qty is a float, not 'lots'
set a float to text: 1
hibr: db set: a record number, then a column and a value
set with no value: 2
hibr: db delete: record numbers, or where ...
delete with nothing named: 2
hibr: db: 'where' wants a column, an operator and a value
delete where, with no condition: 2
hibr: db update: say what to set: set col val...
update with no set: 2
1	1	n1	1.5
--- numbers stay put until compact, which renumbers and keeps the rest
reopened: size 4
1	1	n1	1.5
2	2	two	20
4	4	n4	4.5
5	5	n5	0
compact kept 4
1	1	n1	1.5
2	2	two	20
3	4	n4	4.5
4	5	n5	0
inserted as record 5
5	7	n7	7.5
--- a database from before deletion upgrades on its first delete
1	1	apple	3
2	2	pear	0.5
3	3	plum	12
1
2	2	pear	9
3	3	plum	12
HIBRDB2
after reopening: size 2
2	2	pear	9
3	3	plum	12
0
--- an update past a group's old range is still found by a filter
5	999999	16	t1
deleted 833 of 2500; 1667 left; t1 now 0
