0
ar	العربية	rtl	n
untranslated: none
left over: none
empty or still English: none
Latin by name but gone from the catalogue: none
0: المهملات فارغة: لم يُحذف شيء
1: المهملات فارغة: حُذف عنصر واحد
2: المهملات فارغة: حُذف عنصران
3: المهملات فارغة: حُذفت 3 عناصر
11: المهملات فارغة: حُذف 11 عنصرًا
100: المهملات فارغة: حُذف 100 عنصر
