0
astronomical	Tabular (astronomical)
civil	Tabular (civil)
umalqura	Umm al-Qura
1448 4 24 30
1448 4 22 29
1448 4 23 29
1448 4 25 30
1448 4 23 30
2027-02-08
2027-02-07
29
Ramadan
bound: 1448 4 24 30
1008 6 14 29
hibr: hcal: nosuch: no such calendar (hcal list says which there are)
status 1
astronomical	Tabular (astronomical)
civil	Tabular (civil)
fatimid	Fatimid
umalqura	Umm al-Qura
1448 4 24 29
